20:29:21 **** Incremental Build of configuration Debug for project MKL43Z4_Project ****
make -r -j2 all 
make[1]: Nothing to be done for 'main-build'.
Performing post-build steps
arm-none-eabi-size "MKL43Z4_Project.axf"; # arm-none-eabi-objcopy -v -O binary "MKL43Z4_Project.axf" "MKL43Z4_Project.bin" ; # checksum -p MKL43Z256xxx4 -d "MKL43Z4_Project.bin";
   text	   data	    bss	    dec	    hex	filename
  12812	      4	   4468	  17284	   4384	MKL43Z4_Project.axf
 

20:29:22 Build Finished. 0 errors, 0 warnings. (took 748ms)

