------------------------------------------------------------
Timing Analyzer Summary
------------------------------------------------------------

Type  : Slow 1200mV 85C Model Setup 'CLOCK_50'
Slack : -3.656
TNS   : -105.680

Type  : Slow 1200mV 85C Model Setup 'ClockDivider:u_div|cout'
Slack : -3.242
TNS   : -17.465

Type  : Slow 1200mV 85C Model Setup 'KEY[1]'
Slack : 0.341
TNS   : 0.000

Type  : Slow 1200mV 85C Model Hold 'CLOCK_50'
Slack : -0.040
TNS   : -0.040

Type  : Slow 1200mV 85C Model Hold 'ClockDivider:u_div|cout'
Slack : 0.331
TNS   : 0.000

Type  : Slow 1200mV 85C Model Hold 'KEY[1]'
Slack : 0.371
TNS   : 0.000

Type  : Slow 1200mV 85C Model Recovery 'ClockDivider:u_div|cout'
Slack : -1.955
TNS   : -11.255

Type  : Slow 1200mV 85C Model Removal 'ClockDivider:u_div|cout'
Slack : 1.284
TNS   : 0.000

Type  : Slow 1200mV 85C Model Minimum Pulse Width 'CLOCK_50'
Slack : -3.000
TNS   : -43.326

Type  : Slow 1200mV 85C Model Minimum Pulse Width 'KEY[1]'
Slack : -3.000
TNS   : -4.222

Type  : Slow 1200mV 85C Model Minimum Pulse Width 'KEY[0]'
Slack : -3.000
TNS   : -3.000

Type  : Slow 1200mV 85C Model Minimum Pulse Width 'ClockDivider:u_div|cout'
Slack : -1.222
TNS   : -7.332

Type  : Slow 1200mV 0C Model Setup 'CLOCK_50'
Slack : -3.300
TNS   : -94.933

Type  : Slow 1200mV 0C Model Setup 'ClockDivider:u_div|cout'
Slack : -2.859
TNS   : -15.427

Type  : Slow 1200mV 0C Model Setup 'KEY[1]'
Slack : 0.397
TNS   : 0.000

Type  : Slow 1200mV 0C Model Hold 'CLOCK_50'
Slack : -0.027
TNS   : -0.027

Type  : Slow 1200mV 0C Model Hold 'ClockDivider:u_div|cout'
Slack : 0.299
TNS   : 0.000

Type  : Slow 1200mV 0C Model Hold 'KEY[1]'
Slack : 0.337
TNS   : 0.000

Type  : Slow 1200mV 0C Model Recovery 'ClockDivider:u_div|cout'
Slack : -1.745
TNS   : -10.020

Type  : Slow 1200mV 0C Model Removal 'ClockDivider:u_div|cout'
Slack : 1.280
TNS   : 0.000

Type  : Slow 1200mV 0C Model Minimum Pulse Width 'CLOCK_50'
Slack : -3.000
TNS   : -43.326

Type  : Slow 1200mV 0C Model Minimum Pulse Width 'KEY[1]'
Slack : -3.000
TNS   : -4.222

Type  : Slow 1200mV 0C Model Minimum Pulse Width 'KEY[0]'
Slack : -3.000
TNS   : -3.000

Type  : Slow 1200mV 0C Model Minimum Pulse Width 'ClockDivider:u_div|cout'
Slack : -1.222
TNS   : -7.332

Type  : Fast 1200mV 0C Model Setup 'ClockDivider:u_div|cout'
Slack : -1.359
TNS   : -7.457

Type  : Fast 1200mV 0C Model Setup 'CLOCK_50'
Slack : -1.211
TNS   : -32.521

Type  : Fast 1200mV 0C Model Setup 'KEY[1]'
Slack : 0.693
TNS   : 0.000

Type  : Fast 1200mV 0C Model Hold 'CLOCK_50'
Slack : -0.154
TNS   : -0.154

Type  : Fast 1200mV 0C Model Hold 'ClockDivider:u_div|cout'
Slack : 0.152
TNS   : 0.000

Type  : Fast 1200mV 0C Model Hold 'KEY[1]'
Slack : 0.169
TNS   : 0.000

Type  : Fast 1200mV 0C Model Recovery 'ClockDivider:u_div|cout'
Slack : -1.093
TNS   : -6.263

Type  : Fast 1200mV 0C Model Removal 'ClockDivider:u_div|cout'
Slack : 0.460
TNS   : 0.000

Type  : Fast 1200mV 0C Model Minimum Pulse Width 'CLOCK_50'
Slack : -3.000
TNS   : -37.608

Type  : Fast 1200mV 0C Model Minimum Pulse Width 'KEY[1]'
Slack : -3.000
TNS   : -4.227

Type  : Fast 1200mV 0C Model Minimum Pulse Width 'KEY[0]'
Slack : -3.000
TNS   : -3.040

Type  : Fast 1200mV 0C Model Minimum Pulse Width 'ClockDivider:u_div|cout'
Slack : -1.000
TNS   : -6.000

------------------------------------------------------------
